// Jest Snapshot v1, https://goo.gl/fbAQLP

exports[`Contacts when contacts as props are passed Should render without errors 1`] = `
Array [
  <ContactCard
    contact={
      Object {
        "email": "contact1@email.com",
        "name": "Contact1",
      }
    }
    key="contact1@email.com"
  />,
  <ContactCard
    contact={
      Object {
        "email": "contact2@email.com",
        "name": "Contact2",
      }
    }
    key="contact2@email.com"
  />,
]
`;
